Archive member included to satisfy reference by file (symbol)

c:/program files (x86)/atmel/studio/7.0/toolchain/avr8/avr8-gnu-toolchain/bin/../lib/gcc/avr/5.4.0/avr5\libgcc.a(_udivmodsi4.o)
                              LCD_program.o (__udivmodsi4)
c:/program files (x86)/atmel/studio/7.0/toolchain/avr8/avr8-gnu-toolchain/bin/../lib/gcc/avr/5.4.0/avr5\libgcc.a(_exit.o)
                              C:/Program Files (x86)/Atmel/Studio/7.0/Packs/atmel/ATmega_DFP/1.7.374/gcc/dev/atmega32/avr5/crtatmega32.o (exit)
c:/program files (x86)/atmel/studio/7.0/toolchain/avr8/avr8-gnu-toolchain/bin/../lib/gcc/avr/5.4.0/avr5\libgcc.a(_copy_data.o)
                              KPD_program.o (__do_copy_data)
c:/program files (x86)/atmel/studio/7.0/toolchain/avr8/avr8-gnu-toolchain/bin/../lib/gcc/avr/5.4.0/avr5\libgcc.a(_clear_bss.o)
                              EXTI_program.o (__do_clear_bss)

Discarded input sections

 .data          0x00000000        0x0 C:/Program Files (x86)/Atmel/Studio/7.0/Packs/atmel/ATmega_DFP/1.7.374/gcc/dev/atmega32/avr5/crtatmega32.o
 .bss           0x00000000        0x0 C:/Program Files (x86)/Atmel/Studio/7.0/Packs/atmel/ATmega_DFP/1.7.374/gcc/dev/atmega32/avr5/crtatmega32.o
 .text          0x00000000        0x0 BUZZER_program.o
 .data          0x00000000        0x0 BUZZER_program.o
 .bss           0x00000000        0x0 BUZZER_program.o
 .text.BUZZER_voidInit
                0x00000000       0x3a BUZZER_program.o
 .text.BUZZER_voidOn
                0x00000000       0x1a BUZZER_program.o
 .text.BUZZER_voidOff
                0x00000000       0x1a BUZZER_program.o
 .text.BUZZER_voidToggle
                0x00000000        0x6 BUZZER_program.o
 .debug_info    0x00000000      0x259 BUZZER_program.o
 .debug_abbrev  0x00000000       0xa7 BUZZER_program.o
 .debug_loc     0x00000000      0x25e BUZZER_program.o
 .debug_aranges
                0x00000000       0x38 BUZZER_program.o
 .debug_ranges  0x00000000       0x28 BUZZER_program.o
 .debug_line    0x00000000       0xef BUZZER_program.o
 .debug_str     0x00000000      0x21f BUZZER_program.o
 .comment       0x00000000       0x31 BUZZER_program.o
 .debug_frame   0x00000000       0x64 BUZZER_program.o
 .text          0x00000000        0x0 DIO_program.o
 .data          0x00000000        0x0 DIO_program.o
 .bss           0x00000000        0x0 DIO_program.o
 .text.DIO_voidGetPinValue
                0x00000000       0x68 DIO_program.o
 .text.DIO_voidActivePinInternalPUR
                0x00000000       0x68 DIO_program.o
 .text.DIO_voidActivePinInternalPDR
                0x00000000       0x70 DIO_program.o
 .text.DIO_voidSetPortDirection
                0x00000000       0x20 DIO_program.o
 .text.DIO_voidSetPortValue
                0x00000000       0x20 DIO_program.o
 .text.DIO_voidTogglePortValue
                0x00000000       0x30 DIO_program.o
 .text.DIO_voidGetPortValue
                0x00000000       0x30 DIO_program.o
 .text.DIO_voidActivePortInternalPUR
                0x00000000       0x28 DIO_program.o
 .text.DIO_voidActivePortInternalPDR
                0x00000000       0x20 DIO_program.o
 .text          0x00000000        0x0 EXTI_program.o
 .data          0x00000000        0x0 EXTI_program.o
 .bss           0x00000000        0x0 EXTI_program.o
 .text.EXTI_voidDisable
                0x00000000       0x24 EXTI_program.o
 .text          0x00000000        0x0 GI_program.o
 .data          0x00000000        0x0 GI_program.o
 .bss           0x00000000        0x0 GI_program.o
 .text.GI_voidDisable
                0x00000000        0x8 GI_program.o
 .text          0x00000000        0x0 KPD_program.o
 .data          0x00000000        0x0 KPD_program.o
 .bss           0x00000000        0x0 KPD_program.o
 .text.KPD_voidInit
                0x00000000       0x74 KPD_program.o
 .text.KPD_voidGetValue
                0x00000000       0xe4 KPD_program.o
 .rodata.KPD_Keys.1788
                0x00000000        0x9 KPD_program.o
 .rodata.local_u8RowPins.1789
                0x00000000        0x3 KPD_program.o
 .rodata.local_u8ColPins.1790
                0x00000000        0x3 KPD_program.o
 .debug_info    0x00000000      0x431 KPD_program.o
 .debug_abbrev  0x00000000      0x167 KPD_program.o
 .debug_loc     0x00000000      0x198 KPD_program.o
 .debug_aranges
                0x00000000       0x28 KPD_program.o
 .debug_ranges  0x00000000       0x18 KPD_program.o
 .debug_line    0x00000000      0x20c KPD_program.o
 .debug_str     0x00000000      0x2a1 KPD_program.o
 .comment       0x00000000       0x31 KPD_program.o
 .debug_frame   0x00000000       0x6c KPD_program.o
 .text          0x00000000        0x0 LCD_program.o
 .data          0x00000000        0x0 LCD_program.o
 .bss           0x00000000        0x0 LCD_program.o
 .text.PRV_voidEnableWriteTrigger
                0x00000000       0x2a LCD_program.o
 .text.LCD_voidSendHalfCommand
                0x00000000       0x42 LCD_program.o
 .text.LCD_voidDisplayChar
                0x00000000       0x24 LCD_program.o
 .text.LCD_voidDisplayString
                0x00000000       0x1a LCD_program.o
 .text.LCD_voidDisplayNumber
                0x00000000       0xba LCD_program.o
 .text.LCD_voidSendCommand
                0x00000000       0x24 LCD_program.o
 .text.LCD_voidClear
                0x00000000       0x14 LCD_program.o
 .text.LCD_voidShift
                0x00000000       0x26 LCD_program.o
 .text.LCD_voidGoToSpecificPosition
                0x00000000       0x2a LCD_program.o
 .text.LCD_voidInit
                0x00000000       0xe0 LCD_program.o
 .debug_info    0x00000000      0x936 LCD_program.o
 .debug_abbrev  0x00000000      0x173 LCD_program.o
 .debug_loc     0x00000000      0x713 LCD_program.o
 .debug_aranges
                0x00000000       0x68 LCD_program.o
 .debug_ranges  0x00000000       0x58 LCD_program.o
 .debug_line    0x00000000      0x393 LCD_program.o
 .debug_str     0x00000000      0x385 LCD_program.o
 .comment       0x00000000       0x31 LCD_program.o
 .debug_frame   0x00000000       0xf8 LCD_program.o
 .text          0x00000000        0x0 LED_program.o
 .data          0x00000000        0x0 LED_program.o
 .bss           0x00000000        0x0 LED_program.o
 .text.LED_voidOn
                0x00000000       0x1a LED_program.o
 .text.LED_voidOff
                0x00000000       0x1a LED_program.o
 .text          0x00000000        0x0 main.o
 .data          0x00000000        0x0 main.o
 .bss           0x00000000        0x0 main.o
 .text          0x00000000        0x0 SSD_program.o
 .data          0x00000000        0x0 SSD_program.o
 .bss           0x00000000        0x0 SSD_program.o
 .text.SSD_voidInit
                0x00000000       0x1e SSD_program.o
 .text.SSD_voidDisplayOneDigitNumber
                0x00000000       0x3c SSD_program.o
 .text.SSD_voidDisplayTwoDigitNumber
                0x00000000       0xa4 SSD_program.o
 .rodata.PRV_u8Number
                0x00000000        0xa SSD_program.o
 .debug_info    0x00000000      0x3b1 SSD_program.o
 .debug_abbrev  0x00000000      0x15e SSD_program.o
 .debug_loc     0x00000000      0x175 SSD_program.o
 .debug_aranges
                0x00000000       0x30 SSD_program.o
 .debug_ranges  0x00000000       0x20 SSD_program.o
 .debug_line    0x00000000      0x1f1 SSD_program.o
 .debug_str     0x00000000      0x2ce SSD_program.o
 .comment       0x00000000       0x31 SSD_program.o
 .debug_frame   0x00000000       0x58 SSD_program.o
 .text          0x00000000        0x0 SWITCH_program.o
 .data          0x00000000        0x0 SWITCH_program.o
 .bss           0x00000000        0x0 SWITCH_program.o
 .text.SWITCH_voidInit
                0x00000000       0x16 SWITCH_program.o
 .text.SWITCH_voidGetState
                0x00000000       0x60 SWITCH_program.o
 .debug_info    0x00000000      0x19f SWITCH_program.o
 .debug_abbrev  0x00000000       0xe2 SWITCH_program.o
 .debug_loc     0x00000000      0x1c1 SWITCH_program.o
 .debug_aranges
                0x00000000       0x28 SWITCH_program.o
 .debug_ranges  0x00000000       0x18 SWITCH_program.o
 .debug_line    0x00000000       0xdf SWITCH_program.o
 .debug_str     0x00000000      0x259 SWITCH_program.o
 .comment       0x00000000       0x31 SWITCH_program.o
 .debug_frame   0x00000000       0x54 SWITCH_program.o
 .text          0x00000000        0x0 c:/program files (x86)/atmel/studio/7.0/toolchain/avr8/avr8-gnu-toolchain/bin/../lib/gcc/avr/5.4.0/avr5\libgcc.a(_udivmodsi4.o)
 .data          0x00000000        0x0 c:/program files (x86)/atmel/studio/7.0/toolchain/avr8/avr8-gnu-toolchain/bin/../lib/gcc/avr/5.4.0/avr5\libgcc.a(_udivmodsi4.o)
 .bss           0x00000000        0x0 c:/program files (x86)/atmel/studio/7.0/toolchain/avr8/avr8-gnu-toolchain/bin/../lib/gcc/avr/5.4.0/avr5\libgcc.a(_udivmodsi4.o)
 .text.libgcc.mul
                0x00000000        0x0 c:/program files (x86)/atmel/studio/7.0/toolchain/avr8/avr8-gnu-toolchain/bin/../lib/gcc/avr/5.4.0/avr5\libgcc.a(_udivmodsi4.o)
 .text.libgcc.div
                0x00000000       0x44 c:/program files (x86)/atmel/studio/7.0/toolchain/avr8/avr8-gnu-toolchain/bin/../lib/gcc/avr/5.4.0/avr5\libgcc.a(_udivmodsi4.o)
 .text.libgcc   0x00000000        0x0 c:/program files (x86)/atmel/studio/7.0/toolchain/avr8/avr8-gnu-toolchain/bin/../lib/gcc/avr/5.4.0/avr5\libgcc.a(_udivmodsi4.o)
 .text.libgcc.prologue
                0x00000000        0x0 c:/program files (x86)/atmel/studio/7.0/toolchain/avr8/avr8-gnu-toolchain/bin/../lib/gcc/avr/5.4.0/avr5\libgcc.a(_udivmodsi4.o)
 .text.libgcc.builtins
                0x00000000        0x0 c:/program files (x86)/atmel/studio/7.0/toolchain/avr8/avr8-gnu-toolchain/bin/../lib/gcc/avr/5.4.0/avr5\libgcc.a(_udivmodsi4.o)
 .text.libgcc.fmul
                0x00000000        0x0 c:/program files (x86)/atmel/studio/7.0/toolchain/avr8/avr8-gnu-toolchain/bin/../lib/gcc/avr/5.4.0/avr5\libgcc.a(_udivmodsi4.o)
 .text.libgcc.fixed
                0x00000000        0x0 c:/program files (x86)/atmel/studio/7.0/toolchain/avr8/avr8-gnu-toolchain/bin/../lib/gcc/avr/5.4.0/avr5\libgcc.a(_udivmodsi4.o)
 .text          0x00000000        0x0 c:/program files (x86)/atmel/studio/7.0/toolchain/avr8/avr8-gnu-toolchain/bin/../lib/gcc/avr/5.4.0/avr5\libgcc.a(_exit.o)
 .data          0x00000000        0x0 c:/program files (x86)/atmel/studio/7.0/toolchain/avr8/avr8-gnu-toolchain/bin/../lib/gcc/avr/5.4.0/avr5\libgcc.a(_exit.o)
 .bss           0x00000000        0x0 c:/program files (x86)/atmel/studio/7.0/toolchain/avr8/avr8-gnu-toolchain/bin/../lib/gcc/avr/5.4.0/avr5\libgcc.a(_exit.o)
 .text.libgcc.mul
                0x00000000        0x0 c:/program files (x86)/atmel/studio/7.0/toolchain/avr8/avr8-gnu-toolchain/bin/../lib/gcc/avr/5.4.0/avr5\libgcc.a(_exit.o)
 .text.libgcc.div
                0x00000000        0x0 c:/program files (x86)/atmel/studio/7.0/toolchain/avr8/avr8-gnu-toolchain/bin/../lib/gcc/avr/5.4.0/avr5\libgcc.a(_exit.o)
 .text.libgcc   0x00000000        0x0 c:/program files (x86)/atmel/studio/7.0/toolchain/avr8/avr8-gnu-toolchain/bin/../lib/gcc/avr/5.4.0/avr5\libgcc.a(_exit.o)
 .text.libgcc.prologue
                0x00000000        0x0 c:/program files (x86)/atmel/studio/7.0/toolchain/avr8/avr8-gnu-toolchain/bin/../lib/gcc/avr/5.4.0/avr5\libgcc.a(_exit.o)
 .text.libgcc.builtins
                0x00000000        0x0 c:/program files (x86)/atmel/studio/7.0/toolchain/avr8/avr8-gnu-toolchain/bin/../lib/gcc/avr/5.4.0/avr5\libgcc.a(_exit.o)
 .text.libgcc.fmul
                0x00000000        0x0 c:/program files (x86)/atmel/studio/7.0/toolchain/avr8/avr8-gnu-toolchain/bin/../lib/gcc/avr/5.4.0/avr5\libgcc.a(_exit.o)
 .text.libgcc.fixed
                0x00000000        0x0 c:/program files (x86)/atmel/studio/7.0/toolchain/avr8/avr8-gnu-toolchain/bin/../lib/gcc/avr/5.4.0/avr5\libgcc.a(_exit.o)
 .text          0x00000000        0x0 c:/program files (x86)/atmel/studio/7.0/toolchain/avr8/avr8-gnu-toolchain/bin/../lib/gcc/avr/5.4.0/avr5\libgcc.a(_copy_data.o)
 .data          0x00000000        0x0 c:/program files (x86)/atmel/studio/7.0/toolchain/avr8/avr8-gnu-toolchain/bin/../lib/gcc/avr/5.4.0/avr5\libgcc.a(_copy_data.o)
 .bss           0x00000000        0x0 c:/program files (x86)/atmel/studio/7.0/toolchain/avr8/avr8-gnu-toolchain/bin/../lib/gcc/avr/5.4.0/avr5\libgcc.a(_copy_data.o)
 .text.libgcc.mul
                0x00000000        0x0 c:/program files (x86)/atmel/studio/7.0/toolchain/avr8/avr8-gnu-toolchain/bin/../lib/gcc/avr/5.4.0/avr5\libgcc.a(_copy_data.o)
 .text.libgcc.div
                0x00000000        0x0 c:/program files (x86)/atmel/studio/7.0/toolchain/avr8/avr8-gnu-toolchain/bin/../lib/gcc/avr/5.4.0/avr5\libgcc.a(_copy_data.o)
 .text.libgcc   0x00000000        0x0 c:/program files (x86)/atmel/studio/7.0/toolchain/avr8/avr8-gnu-toolchain/bin/../lib/gcc/avr/5.4.0/avr5\libgcc.a(_copy_data.o)
 .text.libgcc.prologue
                0x00000000        0x0 c:/program files (x86)/atmel/studio/7.0/toolchain/avr8/avr8-gnu-toolchain/bin/../lib/gcc/avr/5.4.0/avr5\libgcc.a(_copy_data.o)
 .text.libgcc.builtins
                0x00000000        0x0 c:/program files (x86)/atmel/studio/7.0/toolchain/avr8/avr8-gnu-toolchain/bin/../lib/gcc/avr/5.4.0/avr5\libgcc.a(_copy_data.o)
 .text.libgcc.fmul
                0x00000000        0x0 c:/program files (x86)/atmel/studio/7.0/toolchain/avr8/avr8-gnu-toolchain/bin/../lib/gcc/avr/5.4.0/avr5\libgcc.a(_copy_data.o)
 .text.libgcc.fixed
                0x00000000        0x0 c:/program files (x86)/atmel/studio/7.0/toolchain/avr8/avr8-gnu-toolchain/bin/../lib/gcc/avr/5.4.0/avr5\libgcc.a(_copy_data.o)
 .text          0x00000000        0x0 c:/program files (x86)/atmel/studio/7.0/toolchain/avr8/avr8-gnu-toolchain/bin/../lib/gcc/avr/5.4.0/avr5\libgcc.a(_clear_bss.o)
 .data          0x00000000        0x0 c:/program files (x86)/atmel/studio/7.0/toolchain/avr8/avr8-gnu-toolchain/bin/../lib/gcc/avr/5.4.0/avr5\libgcc.a(_clear_bss.o)
 .bss           0x00000000        0x0 c:/program files (x86)/atmel/studio/7.0/toolchain/avr8/avr8-gnu-toolchain/bin/../lib/gcc/avr/5.4.0/avr5\libgcc.a(_clear_bss.o)
 .text.libgcc.mul
                0x00000000        0x0 c:/program files (x86)/atmel/studio/7.0/toolchain/avr8/avr8-gnu-toolchain/bin/../lib/gcc/avr/5.4.0/avr5\libgcc.a(_clear_bss.o)
 .text.libgcc.div
                0x00000000        0x0 c:/program files (x86)/atmel/studio/7.0/toolchain/avr8/avr8-gnu-toolchain/bin/../lib/gcc/avr/5.4.0/avr5\libgcc.a(_clear_bss.o)
 .text.libgcc   0x00000000        0x0 c:/program files (x86)/atmel/studio/7.0/toolchain/avr8/avr8-gnu-toolchain/bin/../lib/gcc/avr/5.4.0/avr5\libgcc.a(_clear_bss.o)
 .text.libgcc.prologue
                0x00000000        0x0 c:/program files (x86)/atmel/studio/7.0/toolchain/avr8/avr8-gnu-toolchain/bin/../lib/gcc/avr/5.4.0/avr5\libgcc.a(_clear_bss.o)
 .text.libgcc.builtins
                0x00000000        0x0 c:/program files (x86)/atmel/studio/7.0/toolchain/avr8/avr8-gnu-toolchain/bin/../lib/gcc/avr/5.4.0/avr5\libgcc.a(_clear_bss.o)
 .text.libgcc.fmul
                0x00000000        0x0 c:/program files (x86)/atmel/studio/7.0/toolchain/avr8/avr8-gnu-toolchain/bin/../lib/gcc/avr/5.4.0/avr5\libgcc.a(_clear_bss.o)
 .text.libgcc.fixed
                0x00000000        0x0 c:/program files (x86)/atmel/studio/7.0/toolchain/avr8/avr8-gnu-toolchain/bin/../lib/gcc/avr/5.4.0/avr5\libgcc.a(_clear_bss.o)

Memory Configuration

Name             Origin             Length             Attributes
text             0x00000000         0x00008000         xr
data             0x00800060         0x00000800         rw !x
eeprom           0x00810000         0x00000400         rw !x
fuse             0x00820000         0x00000002         rw !x
lock             0x00830000         0x00000400         rw !x
signature        0x00840000         0x00000400         rw !x
user_signatures  0x00850000         0x00000400         rw !x
*default*        0x00000000         0xffffffff

Linker script and memory map

LOAD C:/Program Files (x86)/Atmel/Studio/7.0/Packs/atmel/ATmega_DFP/1.7.374/gcc/dev/atmega32/avr5/crtatmega32.o
LOAD BUZZER_program.o
LOAD DIO_program.o
LOAD EXTI_program.o
LOAD GI_program.o
LOAD KPD_program.o
LOAD LCD_program.o
LOAD LED_program.o
LOAD main.o
LOAD SSD_program.o
LOAD SWITCH_program.o
START GROUP
LOAD c:/program files (x86)/atmel/studio/7.0/toolchain/avr8/avr8-gnu-toolchain/bin/../lib/gcc/avr/5.4.0/../../../../avr/lib/avr5\libm.a
END GROUP
START GROUP
LOAD c:/program files (x86)/atmel/studio/7.0/toolchain/avr8/avr8-gnu-toolchain/bin/../lib/gcc/avr/5.4.0/avr5\libgcc.a
LOAD c:/program files (x86)/atmel/studio/7.0/toolchain/avr8/avr8-gnu-toolchain/bin/../lib/gcc/avr/5.4.0/../../../../avr/lib/avr5\libm.a
LOAD c:/program files (x86)/atmel/studio/7.0/toolchain/avr8/avr8-gnu-toolchain/bin/../lib/gcc/avr/5.4.0/../../../../avr/lib/avr5\libc.a
LOAD C:/Program Files (x86)/Atmel/Studio/7.0/Packs/atmel/ATmega_DFP/1.7.374/gcc/dev/atmega32/avr5\libatmega32.a
END GROUP
                0x00000000                __TEXT_REGION_ORIGIN__ = DEFINED (__TEXT_REGION_ORIGIN__)?__TEXT_REGION_ORIGIN__:0x0
                [0x00800060]                __DATA_REGION_ORIGIN__ = DEFINED (__DATA_REGION_ORIGIN__)?__DATA_REGION_ORIGIN__:0x800060
                [0x00008000]                __TEXT_REGION_LENGTH__ = DEFINED (__TEXT_REGION_LENGTH__)?__TEXT_REGION_LENGTH__:0x20000
                [0x00000800]                __DATA_REGION_LENGTH__ = DEFINED (__DATA_REGION_LENGTH__)?__DATA_REGION_LENGTH__:0xffa0
                [0x00000400]                __EEPROM_REGION_LENGTH__ = DEFINED (__EEPROM_REGION_LENGTH__)?__EEPROM_REGION_LENGTH__:0x10000
                [0x00000002]                __FUSE_REGION_LENGTH__ = DEFINED (__FUSE_REGION_LENGTH__)?__FUSE_REGION_LENGTH__:0x400
                0x00000400                __LOCK_REGION_LENGTH__ = DEFINED (__LOCK_REGION_LENGTH__)?__LOCK_REGION_LENGTH__:0x400
                0x00000400                __SIGNATURE_REGION_LENGTH__ = DEFINED (__SIGNATURE_REGION_LENGTH__)?__SIGNATURE_REGION_LENGTH__:0x400
                0x00000400                __USER_SIGNATURE_REGION_LENGTH__ = DEFINED (__USER_SIGNATURE_REGION_LENGTH__)?__USER_SIGNATURE_REGION_LENGTH__:0x400

.hash
 *(.hash)

.dynsym
 *(.dynsym)

.dynstr
 *(.dynstr)

.gnu.version
 *(.gnu.version)

.gnu.version_d
 *(.gnu.version_d)

.gnu.version_r
 *(.gnu.version_r)

.rel.init
 *(.rel.init)

.rela.init
 *(.rela.init)

.rel.text
 *(.rel.text)
 *(.rel.text.*)
 *(.rel.gnu.linkonce.t*)

.rela.text
 *(.rela.text)
 *(.rela.text.*)
 *(.rela.gnu.linkonce.t*)

.rel.fini
 *(.rel.fini)

.rela.fini
 *(.rela.fini)

.rel.rodata
 *(.rel.rodata)
 *(.rel.rodata.*)
 *(.rel.gnu.linkonce.r*)

.rela.rodata
 *(.rela.rodata)
 *(.rela.rodata.*)
 *(.rela.gnu.linkonce.r*)

.rel.data
 *(.rel.data)
 *(.rel.data.*)
 *(.rel.gnu.linkonce.d*)

.rela.data
 *(.rela.data)
 *(.rela.data.*)
 *(.rela.gnu.linkonce.d*)

.rel.ctors
 *(.rel.ctors)

.rela.ctors
 *(.rela.ctors)

.rel.dtors
 *(.rel.dtors)

.rela.dtors
 *(.rela.dtors)

.rel.got
 *(.rel.got)

.rela.got
 *(.rela.got)

.rel.bss
 *(.rel.bss)

.rela.bss
 *(.rela.bss)

.rel.plt
 *(.rel.plt)

.rela.plt
 *(.rela.plt)

.text           0x00000000      0x540
 *(.vectors)
 .vectors       0x00000000       0x54 C:/Program Files (x86)/Atmel/Studio/7.0/Packs/atmel/ATmega_DFP/1.7.374/gcc/dev/atmega32/avr5/crtatmega32.o
                0x00000000                __vector_default
                0x00000000                __vectors
 *(.vectors)
 *(.progmem.gcc*)
                0x00000054                . = ALIGN (0x2)
                0x00000054                __trampolines_start = .
 *(.trampolines)
 .trampolines   0x00000054        0x0 linker stubs
 *(.trampolines*)
                0x00000054                __trampolines_end = .
 *libprintf_flt.a:*(.progmem.data)
 *libc.a:*(.progmem.data)
 *(.progmem*)
                0x00000054                . = ALIGN (0x2)
 *(.jumptables)
 *(.jumptables*)
 *(.lowtext)
 *(.lowtext*)
                0x00000054                __ctors_start = .
 *(.ctors)
                0x00000054                __ctors_end = .
                0x00000054                __dtors_start = .
 *(.dtors)
                0x00000054                __dtors_end = .
 SORT(*)(.ctors)
 SORT(*)(.dtors)
 *(.init0)
 .init0         0x00000054        0x0 C:/Program Files (x86)/Atmel/Studio/7.0/Packs/atmel/ATmega_DFP/1.7.374/gcc/dev/atmega32/avr5/crtatmega32.o
                0x00000054                __init
 *(.init0)
 *(.init1)
 *(.init1)
 *(.init2)
 .init2         0x00000054        0xc C:/Program Files (x86)/Atmel/Studio/7.0/Packs/atmel/ATmega_DFP/1.7.374/gcc/dev/atmega32/avr5/crtatmega32.o
 *(.init2)
 *(.init3)
 *(.init3)
 *(.init4)
 .init4         0x00000060       0x16 c:/program files (x86)/atmel/studio/7.0/toolchain/avr8/avr8-gnu-toolchain/bin/../lib/gcc/avr/5.4.0/avr5\libgcc.a(_copy_data.o)
                0x00000060                __do_copy_data
 .init4         0x00000076       0x10 c:/program files (x86)/atmel/studio/7.0/toolchain/avr8/avr8-gnu-toolchain/bin/../lib/gcc/avr/5.4.0/avr5\libgcc.a(_clear_bss.o)
                0x00000076                __do_clear_bss
 *(.init4)
 *(.init5)
 *(.init5)
 *(.init6)
 *(.init6)
 *(.init7)
 *(.init7)
 *(.init8)
 *(.init8)
 *(.init9)
 .init9         0x00000086        0x8 C:/Program Files (x86)/Atmel/Studio/7.0/Packs/atmel/ATmega_DFP/1.7.374/gcc/dev/atmega32/avr5/crtatmega32.o
 *(.init9)
 *(.text)
 .text          0x0000008e        0x4 C:/Program Files (x86)/Atmel/Studio/7.0/Packs/atmel/ATmega_DFP/1.7.374/gcc/dev/atmega32/avr5/crtatmega32.o
                0x0000008e                __vector_12
                0x0000008e                __bad_interrupt
                0x0000008e                __vector_6
                0x0000008e                __vector_11
                0x0000008e                __vector_13
                0x0000008e                __vector_17
                0x0000008e                __vector_19
                0x0000008e                __vector_7
                0x0000008e                __vector_5
                0x0000008e                __vector_4
                0x0000008e                __vector_9
                0x0000008e                __vector_15
                0x0000008e                __vector_8
                0x0000008e                __vector_14
                0x0000008e                __vector_10
                0x0000008e                __vector_16
                0x0000008e                __vector_18
                0x0000008e                __vector_20
                0x00000092                . = ALIGN (0x2)
 *(.text.*)
 .text.DIO_voidSetPinDirection
                0x00000092       0xe2 DIO_program.o
                0x00000092                DIO_voidSetPinDirection
 .text.DIO_voidSetPinValue
                0x00000174       0xe2 DIO_program.o
                0x00000174                DIO_voidSetPinValue
 .text.DIO_voidTogglePinValue
                0x00000256       0x68 DIO_program.o
                0x00000256                DIO_voidTogglePinValue
 .text.EXTI_voidInit
                0x000002be       0xb8 EXTI_program.o
                0x000002be                EXTI_voidInit
 .text.EXTI_voidEnable
                0x00000376       0x2e EXTI_program.o
                0x00000376                EXTI_voidEnable
 .text.EXTI_voidSetCallback
                0x000003a4       0x30 EXTI_program.o
                0x000003a4                EXTI_voidSetCallback
 .text.__vector_1
                0x000003d4       0x4e EXTI_program.o
                0x000003d4                __vector_1
 .text.__vector_2
                0x00000422       0x4e EXTI_program.o
                0x00000422                __vector_2
 .text.__vector_3
                0x00000470       0x4e EXTI_program.o
                0x00000470                __vector_3
 .text.GI_voidEnable
                0x000004be        0x8 GI_program.o
                0x000004be                GI_voidEnable
 .text.LED_voidInit
                0x000004c6       0x3a LED_program.o
                0x000004c6                LED_voidInit
 .text.LED_voidToggle
                0x00000500        0x6 LED_program.o
                0x00000500                LED_voidToggle
 .text.INT0_callBack
                0x00000506        0xa main.o
                0x00000506                INT0_callBack
 .text.main     0x00000510       0x2c main.o
                0x00000510                main
                0x0000053c                . = ALIGN (0x2)
 *(.fini9)
 .fini9         0x0000053c        0x0 c:/program files (x86)/atmel/studio/7.0/toolchain/avr8/avr8-gnu-toolchain/bin/../lib/gcc/avr/5.4.0/avr5\libgcc.a(_exit.o)
                0x0000053c                _exit
                0x0000053c                exit
 *(.fini9)
 *(.fini8)
 *(.fini8)
 *(.fini7)
 *(.fini7)
 *(.fini6)
 *(.fini6)
 *(.fini5)
 *(.fini5)
 *(.fini4)
 *(.fini4)
 *(.fini3)
 *(.fini3)
 *(.fini2)
 *(.fini2)
 *(.fini1)
 *(.fini1)
 *(.fini0)
 .fini0         0x0000053c        0x4 c:/program files (x86)/atmel/studio/7.0/toolchain/avr8/avr8-gnu-toolchain/bin/../lib/gcc/avr/5.4.0/avr5\libgcc.a(_exit.o)
 *(.fini0)
                0x00000540                _etext = .

.data           0x00800060        0x0 load address 0x00000540
                0x00800060                PROVIDE (__data_start, .)
 *(.data)
 *(.data*)
 *(.gnu.linkonce.d*)
 *(.rodata)
 *(.rodata*)
 *(.gnu.linkonce.r*)
                0x00800060                . = ALIGN (0x2)
                0x00800060                _edata = .
                0x00800060                PROVIDE (__data_end, .)

.bss            0x00800060        0x6
                0x00800060                PROVIDE (__bss_start, .)
 *(.bss)
 *(.bss*)
 .bss.EXTI_pvInt2Func
                0x00800060        0x2 EXTI_program.o
 .bss.EXTI_pvInt1Func
                0x00800062        0x2 EXTI_program.o
 .bss.EXTI_pvInt0Func
                0x00800064        0x2 EXTI_program.o
 *(COMMON)
                0x00800066                PROVIDE (__bss_end, .)
                0x00000540                __data_load_start = LOADADDR (.data)
                0x00000540                __data_load_end = (__data_load_start + SIZEOF (.data))

.noinit         0x00800066        0x0
                [!provide]                PROVIDE (__noinit_start, .)
 *(.noinit*)
                [!provide]                PROVIDE (__noinit_end, .)
                0x00800066                _end = .
                [!provide]                PROVIDE (__heap_start, .)

.eeprom         0x00810000        0x0
 *(.eeprom*)
                0x00810000                __eeprom_end = .

.fuse
 *(.fuse)
 *(.lfuse)
 *(.hfuse)
 *(.efuse)

.lock
 *(.lock*)

.signature
 *(.signature*)

.user_signatures
 *(.user_signatures*)

.stab
 *(.stab)

.stabstr
 *(.stabstr)

.stab.excl
 *(.stab.excl)

.stab.exclstr
 *(.stab.exclstr)

.stab.index
 *(.stab.index)

.stab.indexstr
 *(.stab.indexstr)

.comment        0x00000000       0x30
 *(.comment)
 .comment       0x00000000       0x30 DIO_program.o
                                 0x31 (size before relaxing)
 .comment       0x00000030       0x31 EXTI_program.o
 .comment       0x00000030       0x31 GI_program.o
 .comment       0x00000030       0x31 LED_program.o
 .comment       0x00000030       0x31 main.o

.note.gnu.avr.deviceinfo
                0x00000000       0x3c
 .note.gnu.avr.deviceinfo
                0x00000000       0x3c C:/Program Files (x86)/Atmel/Studio/7.0/Packs/atmel/ATmega_DFP/1.7.374/gcc/dev/atmega32/avr5/crtatmega32.o

.note.gnu.build-id
 *(.note.gnu.build-id)

.debug
 *(.debug)

.line
 *(.line)

.debug_srcinfo
 *(.debug_srcinfo)

.debug_sfnames
 *(.debug_sfnames)

.debug_aranges  0x00000000      0x150
 *(.debug_aranges)
 .debug_aranges
                0x00000000       0x78 DIO_program.o
 .debug_aranges
                0x00000078       0x50 EXTI_program.o
 .debug_aranges
                0x000000c8       0x28 GI_program.o
 .debug_aranges
                0x000000f0       0x38 LED_program.o
 .debug_aranges
                0x00000128       0x28 main.o

.debug_pubnames
 *(.debug_pubnames)

.debug_info     0x00000000      0xee2
 *(.debug_info .gnu.linkonce.wi.*)
 .debug_info    0x00000000      0x4e6 C:/Program Files (x86)/Atmel/Studio/7.0/Packs/atmel/ATmega_DFP/1.7.374/gcc/dev/atmega32/avr5/crtatmega32.o
 .debug_info    0x000004e6      0x306 DIO_program.o
 .debug_info    0x000007ec      0x22e EXTI_program.o
 .debug_info    0x00000a1a       0x98 GI_program.o
 .debug_info    0x00000ab2      0x259 LED_program.o
 .debug_info    0x00000d0b      0x1d7 main.o

.debug_abbrev   0x00000000      0x7c8
 *(.debug_abbrev)
 .debug_abbrev  0x00000000      0x4a3 C:/Program Files (x86)/Atmel/Studio/7.0/Packs/atmel/ATmega_DFP/1.7.374/gcc/dev/atmega32/avr5/crtatmega32.o
 .debug_abbrev  0x000004a3       0x87 DIO_program.o
 .debug_abbrev  0x0000052a       0xf3 EXTI_program.o
 .debug_abbrev  0x0000061d       0x46 GI_program.o
 .debug_abbrev  0x00000663       0xa7 LED_program.o
 .debug_abbrev  0x0000070a       0xbe main.o

.debug_line     0x00000000      0x779
 *(.debug_line .debug_line.* .debug_line_end)
 .debug_line    0x00000000      0x116 C:/Program Files (x86)/Atmel/Studio/7.0/Packs/atmel/ATmega_DFP/1.7.374/gcc/dev/atmega32/avr5/crtatmega32.o
 .debug_line    0x00000116      0x2b9 DIO_program.o
 .debug_line    0x000003cf      0x19b EXTI_program.o
 .debug_line    0x0000056a       0x6a GI_program.o
 .debug_line    0x000005d4       0xec LED_program.o
 .debug_line    0x000006c0       0xb9 main.o

.debug_frame    0x00000000      0x304
 *(.debug_frame)
 .debug_frame   0x00000000       0xd4 DIO_program.o
 .debug_frame   0x000000d4      0x164 EXTI_program.o
 .debug_frame   0x00000238       0x34 GI_program.o
 .debug_frame   0x0000026c       0x64 LED_program.o
 .debug_frame   0x000002d0       0x34 main.o

.debug_str      0x00000000      0x6b3
 *(.debug_str)
 .debug_str     0x00000000      0x196 C:/Program Files (x86)/Atmel/Studio/7.0/Packs/atmel/ATmega_DFP/1.7.374/gcc/dev/atmega32/avr5/crtatmega32.o
 .debug_str     0x00000196      0x2e8 DIO_program.o
                                0x30f (size before relaxing)
 .debug_str     0x0000047e      0x166 EXTI_program.o
                                0x2bc (size before relaxing)
 .debug_str     0x000005e4       0x2f GI_program.o
                                0x185 (size before relaxing)
 .debug_str     0x00000613       0x5c LED_program.o
                                0x210 (size before relaxing)
 .debug_str     0x0000066f       0x44 main.o
                                0x26e (size before relaxing)

.debug_loc      0x00000000      0xb17
 *(.debug_loc)
 .debug_loc     0x00000000      0x494 DIO_program.o
 .debug_loc     0x00000494      0x425 EXTI_program.o
 .debug_loc     0x000008b9      0x25e LED_program.o

.debug_macinfo
 *(.debug_macinfo)

.debug_weaknames
 *(.debug_weaknames)

.debug_funcnames
 *(.debug_funcnames)

.debug_typenames
 *(.debug_typenames)

.debug_varnames
 *(.debug_varnames)

.debug_pubtypes
 *(.debug_pubtypes)

.debug_ranges   0x00000000      0x100
 *(.debug_ranges)
 .debug_ranges  0x00000000       0x68 DIO_program.o
 .debug_ranges  0x00000068       0x40 EXTI_program.o
 .debug_ranges  0x000000a8       0x18 GI_program.o
 .debug_ranges  0x000000c0       0x28 LED_program.o
 .debug_ranges  0x000000e8       0x18 main.o

.debug_macro
 *(.debug_macro)
OUTPUT(GccApplication2.elf elf32-avr)
LOAD linker stubs
